nsq://10.0.0.1:4151,10.0.0.2:4151/topic: {"Remotes":["10.0.0.1:4151","10.0.0.2:4151"],"Topic":"topic","Channel":""}
nsqd://10.0.0.1:4151,10.0.0.2:4151/topic: {"Remotes":["10.0.0.1:4151","10.0.0.2:4151"],"Topic":"topic","Channel":""}
nsqlookupd://10.0.0.1:4151,10.0.0.2:4151/topic#channel: {"Remotes":["10.0.0.1:4151","10.0.0.2:4151"],"Topic":"topic","Channel":"channel"}
